// Jest Snapshot v1, https://goo.gl/fbAQLP

exports[`App component only should be mounted correctly 1`] = `
<HashRouter>
  <div
    className="app-wrapper o-layout--2panes"
  >
    <Wrapper />
    <main
      className="app-content"
    >
      <Switch>
        <Route
          component={[Function]}
          path="/todos"
        />
        <Route
          component={[Function]}
          path="/viewhello1"
        />
        <Route
          component={[Function]}
          path="/viewhello2"
        />
        <Redirect
          from="/"
          push={false}
          to="/todos"
        />
        <Redirect
          from="*"
          push={false}
          to="/todos"
        />
      </Switch>
    </main>
  </div>
</HashRouter>
`;
